[localhost] ~/programming_elixiir/work % iex
Erlang/OTP 23 [erts-11.1.8] [source] [64-bit] [smp:12:12] [ds:12:12:10] [async-threads:1] [hipe] [dtrace]

Interactive Elixir (1.11.3) - press Ctrl+C to exit (type h() ENTER for help)
iex(1)> a = 2
2
iex(2)> [a,b,a] = [1,2,3]
** (MatchError) no match of right hand side value: [1, 2, 3]

iex(2)> [a,b,a] = [1,1,2]
** (MatchError) no match of right hand side value: [1, 1, 2]

iex(2)> a = 1
1
iex(3)> ^a = 2
** (MatchError) no match of right hand side value: 2

iex(3)> ^a = 1
1
iex(4)> ^a = 2 - a
1
iex(5)>